// Vitest Snapshot v1, https://vitest.dev/guide/snapshot.html

exports[`direction > should work 1`] = `
<div>
  <!---->
  <div
    dir="rlt"
  >
    TEST
  </div>
  <!---->
  
</div>
`;
